// Jest Snapshot v1, https://goo.gl/fbAQLP

exports[`Render BoardsItem 1`] = `
<View
  style={
    Array [
      Object {
        "flex": 1,
        "paddingRight": 20,
        "width": "50%",
      },
      Object {
        "paddingLeft": 0,
      },
    ]
  }
>
  <View
    accessible={true}
    isTVSelectable={true}
    onResponderGrant={[Function]}
    onResponderMove={[Function]}
    onResponderRelease={[Function]}
    onResponderTerminate={[Function]}
    onResponderTerminationRequest={[Function]}
    onStartShouldSetResponder={[Function]}
    style={
      Object {
        "borderRadius": 20,
        "minHeight": 250,
      }
    }
  >
    <View
      style={
        Object {
          "backgroundColor": "#5e1c73",
          "borderRadius": 20,
          "flex": 1,
          "padding": 20,
        }
      }
    >
      <Text
        style={
          Object {
            "color": "white",
            "fontSize": 24,
            "fontWeight": "300",
          }
        }
      >
        Test title
      </Text>
    </View>
  </View>
</View>
`;
