// Jest Snapshot v1, https://goo.gl/fbAQLP

exports[`Render LabeledInput 1`] = `
<View>
  <Text
    style={
      Array [
        Object {
          "color": "rgba(0, 0, 0, 0.6)",
        },
        false,
      ]
    }
  >
    test
  </Text>
  <TextInput
    allowFontScaling={true}
    label="test"
    style={
      Array [
        Object {
          "borderBottomColor": "#5e1c73",
          "borderBottomWidth": 1,
          "fontSize": 24,
          "paddingBottom": 10,
          "paddingRight": 10,
          "paddingTop": 10,
        },
        false,
        false,
      ]
    }
    underlineColorAndroid="transparent"
  />
</View>
`;
